random subset 0: 0.5236
random subset 1: 0.5180
random subset 2: 0.5018
random subset 3: 0.5095
random subset 4: 0.5000
  iter     0  loss 58.61  0s
  iter  1000  loss 20.02  53s
  iter  2000  loss 17.58  105s
  iter  3000  loss 16.71  158s
  iter  4000  loss 14.93  210s
  iter  5000  loss 18.14  263s
  iter  6000  loss 14.35  315s
  iter  7000  loss 16.42  368s
  iter  8000  loss 16.97  420s
  iter  9000  loss 14.74  473s
  iter 10000  loss 14.02  525s
  iter 11000  loss 16.31  578s
  iter 12000  loss 14.26  630s
  iter 13000  loss 15.52  683s
  iter 14000  loss 15.65  735s
  iter 15000  loss 14.93  788s
  iter 16000  loss 15.90  840s
  iter 17000  loss 13.87  893s
  iter 18000  loss 15.48  945s
  iter 19000  loss 14.12  998s
  iter 19999  loss 14.99  1050s
distilled eval 0: 0.6302
distilled eval 1: 0.6401
distilled eval 2: 0.6397
distilled eval 3: 0.6343
distilled eval 4: 0.6317
{"random_mean": 0.5105799999999999, "random_std": 0.009107886692312314, "dm_mean": 0.6352, "dm_std": 0.004057585488933053}
