random subset 0: 0.1704
random subset 1: 0.1379
random subset 2: 0.1825
random subset 3: 0.1544
random subset 4: 0.1379
  iter     0  loss 2542.20  0s
  iter  1000  loss 931.72  41s
  iter  2000  loss 1000.66  82s
  iter  3000  loss 1025.84  123s
  iter  4000  loss 921.88  164s
  iter  5000  loss 993.68  204s
  iter  6000  loss 953.38  245s
  iter  7000  loss 984.78  286s
  iter  8000  loss 979.24  327s
  iter  9000  loss 954.62  368s
  iter 10000  loss 921.93  409s
  iter 11000  loss 895.71  449s
  iter 12000  loss 902.82  493s
  iter 13000  loss 925.27  534s
  iter 14000  loss 940.46  575s
  iter 15000  loss 897.67  617s
  iter 16000  loss 994.72  666s
  iter 17000  loss 1006.31  707s
  iter 18000  loss 886.03  748s
  iter 19000  loss 899.39  788s
  iter 19999  loss 893.27  830s
distilled eval 0: 0.2751
distilled eval 1: 0.2813
distilled eval 2: 0.2796
distilled eval 3: 0.2866
distilled eval 4: 0.2926
{"random_mean": 0.15662, "random_std": 0.017694451107621283, "dm_mean": 0.28304, "dm_std": 0.0060327771382672575}
